


ARM Macro Assembler    Page 1 


    1 00000000                 PRESERVE8
    2 00000000                 THUMB
    3 00000000                 import           LeSignal
    4 00000000         
    5 00000000         ; ====================== zone de réservation de données,
                         ======================================
    6 00000000         ;Section RAM (read only) :
    7 00000000                 area             mesdata,data,readonly
    8 00000000         
    9 00000000         
   10 00000000         ;Section RAM (read write):
   11 00000000                 area             maram,data,readwrite
   12 00000000         
   13 00000000         
   14 00000000         
   15 00000000         ; ======================================================
                       =========================================
   16 00000000         
   17 00000000         
   18 00000000         
   19 00000000         
   20 00000000         ;Section ROM code (read only) :  
   21 00000000                 area             moncode,code,readonly
   22 00000000         ; écrire le code ici 
   23 00000000         ;code 
   24 00000000         ; push{lr,r4}
   25 00000000         ; ldr r4,=LeSignal  ; l'@ de LeSignal
   26 00000000         ; ldr r3,[r4]
   27 00000000         ; mov r2,#0x00   ; initialisation de la variable i 
   28 00000000         ; ldrsh r1,[r3,r2,lsl #1]
   29 00000000         ; add r2,
   30 00000000         
   31 00000000         
   32 00000000                 export           DFT_ModuleAuCarre
   33 00000000                 export           calcul_Img
   34 00000000                 export           calcul_Reel
   35 00000000         
   36 00000000                 import           LeSignal
   37 00000000         
   38 00000000         
   39 00000000         
   40 00000000         DFT_ModuleAuCarre
                               PROC
   41 00000000         ; r0 contient k
   42 00000000         ; r1 contient @ de signal
   43 00000000         ; r3 contient Re
   44 00000000         ; r2 contient Im
   45 00000000 B5F3            push             { lr , r0, r1,r4,r5,r6,r7}
   46 00000002         
   47 00000002 F04F 0400       mov              r4, #0x00
   48 00000006 F04F 0500       mov              r5, #0x00
   49 0000000A F04F 0600       mov              r6, #0x00
   50 0000000E F04F 0700       mov              r7, #0x00
   51 00000012         
   52 00000012 F7FF FFFE       bl               calcul_Reel
   53 00000016 4603            mov              r3,r0       ; r3 prend le conte
                                                            nu de r0 : RE 
   54 00000018 BC03            pop{r0,r1}
   55 0000001A B408            push             {r3}



ARM Macro Assembler    Page 2 


   56 0000001C F7FF FFFE       bl               calcul_Img
   57 00000020 4602            mov              r2 , r0     ; r2 contient Im
   58 00000022         
   59 00000022 BC08            pop{r3}
   60 00000024         
   61 00000024 FB83 4503       smull            r4,r5, r3,r3 ; re **2
   62 00000028         
   63 00000028 FB82 6702       smull            r6,r7,r2,r2 ; im**2
   64 0000002C         
   65 0000002C 443D            add              r5,r7       ; Re²+Im²
   66 0000002E 4628            mov              r0,r5
   67 00000030 F85D EB04       pop{             lr }
   68 00000034 BCF0            pop{r4,r5,r6,r7}
   69 00000036         
   70 00000036         
   71 00000036 4770            bx               lr
   72 00000038                 endp
   73 00000038         
   74 00000038         
   75 00000038         
   76 00000038         
   77 00000038         
   78 00000038         
   79 00000038         calcul_Img
                               proc
   80 00000038         
   81 00000038 B4F0            push             {r4,r5,r6,r7}
   82 0000003A         
   83 0000003A         
   84 0000003A         ; r0 contient k
   85 0000003A         ; r1 contient @Signal 
   86 0000003A         ; r2 cotient TabSin
   87 0000003A         ; r3 contient x(i) échantillon signal
   88 0000003A         ; r4 contient sin(ik)
   89 0000003A         ; r5 contient ik
   90 0000003A         ; r6 la somme des x(i)*sin(ik)
   91 0000003A         ; r7 contient x(i)*sin(ik)
   92 0000003A         ; r12 contient i
   93 0000003A         
   94 0000003A F04F 0C00       mov              r12, #0x00
   95 0000003E 4A0E            ldr              r2, =TabSin ; on met l'@ de Tab
                                                            Sin
   96 00000040 490E            ldr              r1,=LeSignal
   97 00000042         
   98 00000042 E007            b                LOOP
   99 00000044                 endp
  100 00000044         
  101 00000044         
  102 00000044         
  103 00000044         
  104 00000044         calcul_Reel
                               proc
  105 00000044         
  106 00000044 B4F0            push             {r4,r5,r6,r7}
  107 00000046         
  108 00000046         ; r0 contient k
  109 00000046         ; r1 contient @Signal 
  110 00000046         ; r2 cotient TabCos
  111 00000046         ; r3 contient x(i) échantillon signal



ARM Macro Assembler    Page 3 


  112 00000046         ; r4 contient cos(ik)
  113 00000046         ; r5 contient ik
  114 00000046         ; r6 la somme des x(i)*cos(ik)
  115 00000046         ; r7 contient x(i)*cos(ik)
  116 00000046         ; r12 contient i
  117 00000046         
  118 00000046 F04F 0600       mov              r6, #0X00
  119 0000004A F04F 0C00       mov              r12 , #0X00
  120 0000004E 4A0C            ldr              r2 , = TabCos ; r2 contient l'@
                                                             de TabCos
  121 00000050 490A            ldr              r1,=LeSignal
  122 00000052 E7FF            b                LOOP
  123 00000054         LOOP
  124 00000054         ;on calcule ik 
  125 00000054 FB0C F500       mul              r5, r12,r0
  126 00000058 F005 053F       and              r5, #0x3F   ; r5 contient ik [6
                                                            4]
  127 0000005C         ; on recupere cos ik  ou sin 
  128 0000005C F932 4015       ldrsh            r4 ,[r2, r5, lsl #0X01]
  129 00000060         ;x(i)*cos(ik) ou sin(ik)
  130 00000060 FB03 F704       mul              r7, r3, r4
  131 00000064         ; somme 
  132 00000064 443E            add              r6 , r7
  133 00000066         ; incrementation de i 
  134 00000066 F10C 0C01       add              r12, #0X01
  135 0000006A         ; comparaison entre i et N 
  136 0000006A F1BC 0F40       cmp              r12, #64
  137 0000006E D1F1            bne              LOOP
  138 00000070         ; sinon on quite la boucle 
  139 00000070         ; le resultat est stocke dans r6 ON LE MOV TO r0 
  140 00000070 4630            mov              r0,r6
  141 00000072 E7FF            b                fin
  142 00000074         
  143 00000074         fin
  144 00000074 BCF0            pop              {r4,r5,r6,r7}
  145 00000076 4770            bx               lr
  146 00000078                 endp
  147 00000078         
  148 00000078         
  149 00000078         
  150 00000078         
  151 00000078         
  152 00000078         
  153 00000078         
  154 00000078         
  155 00000078         
  156 00000078         
  157 00000078         ;Section ROM code (read only) :  
  158 00000078 00000000 
              00000000 
              00000000         AREA             Trigo, DATA, READONLY
  159 00000000         ; codage fractionnaire 1.15
  160 00000000         
  161 00000000         TabCos
  162 00000000 FF 7F           DCW              32767       ;  0 0x7fff  0.9999
                                                            7
  163 00000002 62 7F           DCW              32610       ;  1 0x7f62  0.9951
                                                            8
  164 00000004 8A 7D           DCW              32138       ;  2 0x7d8a  0.9807



ARM Macro Assembler    Page 4 


                                                            7
  165 00000006 7D 7A           DCW              31357       ;  3 0x7a7d  0.9569
                                                            4
  166 00000008 42 76           DCW              30274       ;  4 0x7642  0.9238
                                                            9
  167 0000000A E3 70           DCW              28899       ;  5 0x70e3  0.8819
                                                            3
  168 0000000C 6E 6A           DCW              27246       ;  6 0x6a6e  0.8314
                                                            8
  169 0000000E F2 62           DCW              25330       ;  7 0x62f2  0.7730
                                                            1
  170 00000010 82 5A           DCW              23170       ;  8 0x5a82  0.7070
                                                            9
  171 00000012 34 51           DCW              20788       ;  9 0x5134  0.6344
                                                            0
  172 00000014 1D 47           DCW              18205       ; 10 0x471d  0.5555
                                                            7
  173 00000016 57 3C           DCW              15447       ; 11 0x3c57  0.4714
                                                            1
  174 00000018 FC 30           DCW              12540       ; 12 0x30fc  0.3826
                                                            9
  175 0000001A 28 25           DCW              9512        ; 13 0x2528  0.2902
                                                            8
  176 0000001C F9 18           DCW              6393        ; 14 0x18f9  0.1951
                                                            0
  177 0000001E 8C 0C           DCW              3212        ; 15 0x0c8c  0.0980
                                                            2
  178 00000020 00 00           DCW              0           ; 16 0x0000  0.0000
                                                            0
  179 00000022 74 F3           DCW              -3212       ; 17 0xf374 -0.0980
                                                            2
  180 00000024 07 E7           DCW              -6393       ; 18 0xe707 -0.1951
                                                            0
  181 00000026 D8 DA           DCW              -9512       ; 19 0xdad8 -0.2902
                                                            8
  182 00000028 04 CF           DCW              -12540      ; 20 0xcf04 -0.3826
                                                            9
  183 0000002A A9 C3           DCW              -15447      ; 21 0xc3a9 -0.4714
                                                            1
  184 0000002C E3 B8           DCW              -18205      ; 22 0xb8e3 -0.5555
                                                            7
  185 0000002E CC AE           DCW              -20788      ; 23 0xaecc -0.6344
                                                            0
  186 00000030 7E A5           DCW              -23170      ; 24 0xa57e -0.7070
                                                            9
  187 00000032 0E 9D           DCW              -25330      ; 25 0x9d0e -0.7730
                                                            1
  188 00000034 92 95           DCW              -27246      ; 26 0x9592 -0.8314
                                                            8
  189 00000036 1D 8F           DCW              -28899      ; 27 0x8f1d -0.8819
                                                            3
  190 00000038 BE 89           DCW              -30274      ; 28 0x89be -0.9238
                                                            9
  191 0000003A 83 85           DCW              -31357      ; 29 0x8583 -0.9569
                                                            4
  192 0000003C 76 82           DCW              -32138      ; 30 0x8276 -0.9807
                                                            7
  193 0000003E 9E 80           DCW              -32610      ; 31 0x809e -0.9951
                                                            8



ARM Macro Assembler    Page 5 


  194 00000040 00 80           DCW              -32768      ; 32 0x8000 -1.0000
                                                            0
  195 00000042 9E 80           DCW              -32610      ; 33 0x809e -0.9951
                                                            8
  196 00000044 76 82           DCW              -32138      ; 34 0x8276 -0.9807
                                                            7
  197 00000046 83 85           DCW              -31357      ; 35 0x8583 -0.9569
                                                            4
  198 00000048 BE 89           DCW              -30274      ; 36 0x89be -0.9238
                                                            9
  199 0000004A 1D 8F           DCW              -28899      ; 37 0x8f1d -0.8819
                                                            3
  200 0000004C 92 95           DCW              -27246      ; 38 0x9592 -0.8314
                                                            8
  201 0000004E 0E 9D           DCW              -25330      ; 39 0x9d0e -0.7730
                                                            1
  202 00000050 7E A5           DCW              -23170      ; 40 0xa57e -0.7070
                                                            9
  203 00000052 CC AE           DCW              -20788      ; 41 0xaecc -0.6344
                                                            0
  204 00000054 E3 B8           DCW              -18205      ; 42 0xb8e3 -0.5555
                                                            7
  205 00000056 A9 C3           DCW              -15447      ; 43 0xc3a9 -0.4714
                                                            1
  206 00000058 04 CF           DCW              -12540      ; 44 0xcf04 -0.3826
                                                            9
  207 0000005A D8 DA           DCW              -9512       ; 45 0xdad8 -0.2902
                                                            8
  208 0000005C 07 E7           DCW              -6393       ; 46 0xe707 -0.1951
                                                            0
  209 0000005E 74 F3           DCW              -3212       ; 47 0xf374 -0.0980
                                                            2
  210 00000060 00 00           DCW              0           ; 48 0x0000  0.0000
                                                            0
  211 00000062 8C 0C           DCW              3212        ; 49 0x0c8c  0.0980
                                                            2
  212 00000064 F9 18           DCW              6393        ; 50 0x18f9  0.1951
                                                            0
  213 00000066 28 25           DCW              9512        ; 51 0x2528  0.2902
                                                            8
  214 00000068 FC 30           DCW              12540       ; 52 0x30fc  0.3826
                                                            9
  215 0000006A 57 3C           DCW              15447       ; 53 0x3c57  0.4714
                                                            1
  216 0000006C 1D 47           DCW              18205       ; 54 0x471d  0.5555
                                                            7
  217 0000006E 34 51           DCW              20788       ; 55 0x5134  0.6344
                                                            0
  218 00000070 82 5A           DCW              23170       ; 56 0x5a82  0.7070
                                                            9
  219 00000072 F2 62           DCW              25330       ; 57 0x62f2  0.7730
                                                            1
  220 00000074 6E 6A           DCW              27246       ; 58 0x6a6e  0.8314
                                                            8
  221 00000076 E3 70           DCW              28899       ; 59 0x70e3  0.8819
                                                            3
  222 00000078 42 76           DCW              30274       ; 60 0x7642  0.9238
                                                            9
  223 0000007A 7D 7A           DCW              31357       ; 61 0x7a7d  0.9569



ARM Macro Assembler    Page 6 


                                                            4
  224 0000007C 8A 7D           DCW              32138       ; 62 0x7d8a  0.9807
                                                            7
  225 0000007E 62 7F           DCW              32610       ; 63 0x7f62  0.9951
                                                            8
  226 00000080         TabSin
  227 00000080 00 00           DCW              0           ;  0 0x0000  0.0000
                                                            0
  228 00000082 8C 0C           DCW              3212        ;  1 0x0c8c  0.0980
                                                            2
  229 00000084 F9 18           DCW              6393        ;  2 0x18f9  0.1951
                                                            0
  230 00000086 28 25           DCW              9512        ;  3 0x2528  0.2902
                                                            8
  231 00000088 FC 30           DCW              12540       ;  4 0x30fc  0.3826
                                                            9
  232 0000008A 57 3C           DCW              15447       ;  5 0x3c57  0.4714
                                                            1
  233 0000008C 1D 47           DCW              18205       ;  6 0x471d  0.5555
                                                            7
  234 0000008E 34 51           DCW              20788       ;  7 0x5134  0.6344
                                                            0
  235 00000090 82 5A           DCW              23170       ;  8 0x5a82  0.7070
                                                            9
  236 00000092 F2 62           DCW              25330       ;  9 0x62f2  0.7730
                                                            1
  237 00000094 6E 6A           DCW              27246       ; 10 0x6a6e  0.8314
                                                            8
  238 00000096 E3 70           DCW              28899       ; 11 0x70e3  0.8819
                                                            3
  239 00000098 42 76           DCW              30274       ; 12 0x7642  0.9238
                                                            9
  240 0000009A 7D 7A           DCW              31357       ; 13 0x7a7d  0.9569
                                                            4
  241 0000009C 8A 7D           DCW              32138       ; 14 0x7d8a  0.9807
                                                            7
  242 0000009E 62 7F           DCW              32610       ; 15 0x7f62  0.9951
                                                            8
  243 000000A0 FF 7F           DCW              32767       ; 16 0x7fff  0.9999
                                                            7
  244 000000A2 62 7F           DCW              32610       ; 17 0x7f62  0.9951
                                                            8
  245 000000A4 8A 7D           DCW              32138       ; 18 0x7d8a  0.9807
                                                            7
  246 000000A6 7D 7A           DCW              31357       ; 19 0x7a7d  0.9569
                                                            4
  247 000000A8 42 76           DCW              30274       ; 20 0x7642  0.9238
                                                            9
  248 000000AA E3 70           DCW              28899       ; 21 0x70e3  0.8819
                                                            3
  249 000000AC 6E 6A           DCW              27246       ; 22 0x6a6e  0.8314
                                                            8
  250 000000AE F2 62           DCW              25330       ; 23 0x62f2  0.7730
                                                            1
  251 000000B0 82 5A           DCW              23170       ; 24 0x5a82  0.7070
                                                            9
  252 000000B2 34 51           DCW              20788       ; 25 0x5134  0.6344
                                                            0
  253 000000B4 1D 47           DCW              18205       ; 26 0x471d  0.5555



ARM Macro Assembler    Page 7 


                                                            7
  254 000000B6 57 3C           DCW              15447       ; 27 0x3c57  0.4714
                                                            1
  255 000000B8 FC 30           DCW              12540       ; 28 0x30fc  0.3826
                                                            9
  256 000000BA 28 25           DCW              9512        ; 29 0x2528  0.2902
                                                            8
  257 000000BC F9 18           DCW              6393        ; 30 0x18f9  0.1951
                                                            0
  258 000000BE 8C 0C           DCW              3212        ; 31 0x0c8c  0.0980
                                                            2
  259 000000C0 00 00           DCW              0           ; 32 0x0000  0.0000
                                                            0
  260 000000C2 74 F3           DCW              -3212       ; 33 0xf374 -0.0980
                                                            2
  261 000000C4 07 E7           DCW              -6393       ; 34 0xe707 -0.1951
                                                            0
  262 000000C6 D8 DA           DCW              -9512       ; 35 0xdad8 -0.2902
                                                            8
  263 000000C8 04 CF           DCW              -12540      ; 36 0xcf04 -0.3826
                                                            9
  264 000000CA A9 C3           DCW              -15447      ; 37 0xc3a9 -0.4714
                                                            1
  265 000000CC E3 B8           DCW              -18205      ; 38 0xb8e3 -0.5555
                                                            7
  266 000000CE CC AE           DCW              -20788      ; 39 0xaecc -0.6344
                                                            0
  267 000000D0 7E A5           DCW              -23170      ; 40 0xa57e -0.7070
                                                            9
  268 000000D2 0E 9D           DCW              -25330      ; 41 0x9d0e -0.7730
                                                            1
  269 000000D4 92 95           DCW              -27246      ; 42 0x9592 -0.8314
                                                            8
  270 000000D6 1D 8F           DCW              -28899      ; 43 0x8f1d -0.8819
                                                            3
  271 000000D8 BE 89           DCW              -30274      ; 44 0x89be -0.9238
                                                            9
  272 000000DA 83 85           DCW              -31357      ; 45 0x8583 -0.9569
                                                            4
  273 000000DC 76 82           DCW              -32138      ; 46 0x8276 -0.9807
                                                            7
  274 000000DE 9E 80           DCW              -32610      ; 47 0x809e -0.9951
                                                            8
  275 000000E0 00 80           DCW              -32768      ; 48 0x8000 -1.0000
                                                            0
  276 000000E2 9E 80           DCW              -32610      ; 49 0x809e -0.9951
                                                            8
  277 000000E4 76 82           DCW              -32138      ; 50 0x8276 -0.9807
                                                            7
  278 000000E6 83 85           DCW              -31357      ; 51 0x8583 -0.9569
                                                            4
  279 000000E8 BE 89           DCW              -30274      ; 52 0x89be -0.9238
                                                            9
  280 000000EA 1D 8F           DCW              -28899      ; 53 0x8f1d -0.8819
                                                            3
  281 000000EC 92 95           DCW              -27246      ; 54 0x9592 -0.8314
                                                            8
  282 000000EE 0E 9D           DCW              -25330      ; 55 0x9d0e -0.7730
                                                            1



ARM Macro Assembler    Page 8 


  283 000000F0 7E A5           DCW              -23170      ; 56 0xa57e -0.7070
                                                            9
  284 000000F2 CC AE           DCW              -20788      ; 57 0xaecc -0.6344
                                                            0
  285 000000F4 E3 B8           DCW              -18205      ; 58 0xb8e3 -0.5555
                                                            7
  286 000000F6 A9 C3           DCW              -15447      ; 59 0xc3a9 -0.4714
                                                            1
  287 000000F8 04 CF           DCW              -12540      ; 60 0xcf04 -0.3826
                                                            9
  288 000000FA D8 DA           DCW              -9512       ; 61 0xdad8 -0.2902
                                                            8
  289 000000FC 07 E7           DCW              -6393       ; 62 0xe707 -0.1951
                                                            0
  290 000000FE 74 F3           DCW              -3212       ; 63 0xf374 -0.0980
                                                            2
  291 00000100         
  292 00000100         
  293 00000100         
  294 00000100         
  295 00000100                 END
Command Line: --debug --xref --diag_suppress=9931 --cpu=Cortex-M3 --apcs=interw
ork --depend=.\obj\dft.d -o.\obj\dft.o -I.\RTE\_Simu -IC:\Programdata\Keil\Arm\
Packs\ARM\CMSIS\5.7.0\CMSIS\Core\Include -IC:\Programdata\Keil\Arm\Packs\Keil\S
TM32F1xx_DFP\2.3.0\Device\Include --predefine="__EVAL SETA 1" --predefine="__MI
CROLIB SETA 1" --predefine="__UVISION_VERSION SETA 534" --predefine="_RTE_ SETA
 1" --predefine="STM32F10X_MD SETA 1" --predefine="_RTE_ SETA 1" --list=dft.lst
 Src\DFT.s



ARM Macro Assembler    Page 1 Alphabetic symbol ordering
Relocatable symbols

mesdata 00000000

Symbol: mesdata
   Definitions
      At line 7 in file Src\DFT.s
   Uses
      None
Comment: mesdata unused
1 symbol



ARM Macro Assembler    Page 1 Alphabetic symbol ordering
Relocatable symbols

maram 00000000

Symbol: maram
   Definitions
      At line 11 in file Src\DFT.s
   Uses
      None
Comment: maram unused
1 symbol



ARM Macro Assembler    Page 1 Alphabetic symbol ordering
Relocatable symbols

DFT_ModuleAuCarre 00000000

Symbol: DFT_ModuleAuCarre
   Definitions
      At line 40 in file Src\DFT.s
   Uses
      At line 32 in file Src\DFT.s
Comment: DFT_ModuleAuCarre used once
LOOP 00000054

Symbol: LOOP
   Definitions
      At line 123 in file Src\DFT.s
   Uses
      At line 98 in file Src\DFT.s
      At line 122 in file Src\DFT.s
      At line 137 in file Src\DFT.s

calcul_Img 00000038

Symbol: calcul_Img
   Definitions
      At line 79 in file Src\DFT.s
   Uses
      At line 33 in file Src\DFT.s
      At line 56 in file Src\DFT.s

calcul_Reel 00000044

Symbol: calcul_Reel
   Definitions
      At line 104 in file Src\DFT.s
   Uses
      At line 34 in file Src\DFT.s
      At line 52 in file Src\DFT.s

fin 00000074

Symbol: fin
   Definitions
      At line 143 in file Src\DFT.s
   Uses
      At line 141 in file Src\DFT.s
Comment: fin used once
moncode 00000000

Symbol: moncode
   Definitions
      At line 21 in file Src\DFT.s
   Uses
      None
Comment: moncode unused
6 symbols



ARM Macro Assembler    Page 1 Alphabetic symbol ordering
Relocatable symbols

TabCos 00000000

Symbol: TabCos
   Definitions
      At line 161 in file Src\DFT.s
   Uses
      At line 120 in file Src\DFT.s
Comment: TabCos used once
TabSin 00000080

Symbol: TabSin
   Definitions
      At line 226 in file Src\DFT.s
   Uses
      At line 95 in file Src\DFT.s
Comment: TabSin used once
Trigo 00000000

Symbol: Trigo
   Definitions
      At line 158 in file Src\DFT.s
   Uses
      None
Comment: Trigo unused
3 symbols



ARM Macro Assembler    Page 1 Alphabetic symbol ordering
External symbols

LeSignal 00000000

Symbol: LeSignal
   Definitions
      At line 3 in file Src\DFT.s
      At line 36 in file Src\DFT.s
   Uses
      At line 96 in file Src\DFT.s
      At line 121 in file Src\DFT.s
Warning: LeSignal multiply defined
1 symbol
349 symbols in table
